
===========================================================================
 report_power
============================================================================
======================= Fastest Corner ===================================

Group                  Internal  Switching    Leakage      Total
                          Power      Power      Power      Power (Watts)
----------------------------------------------------------------
Sequential             5.06e-03   2.60e-04   2.49e-08   5.32e-03  33.7%
Combinational          5.48e-03   4.98e-03   1.05e-07   1.05e-02  66.3%
Macro                  0.00e+00   0.00e+00   0.00e+00   0.00e+00   0.0%
Pad                    0.00e+00   0.00e+00   0.00e+00   0.00e+00   0.0%
----------------------------------------------------------------
Total                  1.05e-02   5.24e-03   1.30e-07   1.58e-02 100.0%
                          66.8%      33.2%       0.0%

======================= Slowest Corner ===================================

Group                  Internal  Switching    Leakage      Total
                          Power      Power      Power      Power (Watts)
----------------------------------------------------------------
Sequential             3.41e-03   1.70e-04   1.50e-05   3.59e-03  33.3%
Combinational          3.90e-03   3.27e-03   3.67e-05   7.21e-03  66.7%
Macro                  0.00e+00   0.00e+00   0.00e+00   0.00e+00   0.0%
Pad                    0.00e+00   0.00e+00   0.00e+00   0.00e+00   0.0%
----------------------------------------------------------------
Total                  7.30e-03   3.44e-03   5.18e-05   1.08e-02 100.0%
                          67.6%      31.9%       0.5%

======================= Typical Corner ===================================

Group                  Internal  Switching    Leakage      Total
                          Power      Power      Power      Power (Watts)
----------------------------------------------------------------
Sequential             4.36e-03   2.18e-04   1.86e-08   4.58e-03  33.7%
Combinational          4.80e-03   4.21e-03   6.38e-08   9.01e-03  66.3%
Macro                  0.00e+00   0.00e+00   0.00e+00   0.00e+00   0.0%
Pad                    0.00e+00   0.00e+00   0.00e+00   0.00e+00   0.0%
----------------------------------------------------------------
Total                  9.16e-03   4.42e-03   8.24e-08   1.36e-02 100.0%
                          67.4%      32.6%       0.0%

