Partial/Required:  2.71, Required:    400.0, Partial:  1083.22, Net: rf._04954_, Pin: rf._10869_/A1, Layer: met1
Partial/Required:  2.65, Required:    400.0, Partial:  1059.89, Net: rf._04926_, Pin: rf._10705_/A1, Layer: met1
Partial/Required:  2.56, Required:    400.0, Partial:  1022.22, Net: alu_inst.y\[11\], Pin: rf._11635_/A1, Layer: met1
Partial/Required:  2.40, Required:    400.0, Partial:   959.03, Net: rf._01119_, Pin: rf._07545_/A1, Layer: met3
Partial/Required:  2.39, Required:    400.0, Partial:   957.78, Net: rf._05410_, Pin: rf._11030_/A1, Layer: met1
Partial/Required:  2.26, Required:    400.0, Partial:   904.77, Net: net22, Pin: output22/A, Layer: met1
Partial/Required:  2.13, Required:    400.0, Partial:   851.11, Net: rf._04943_, Pin: rf._10858_/A1, Layer: met1
Partial/Required:  2.08, Required:    400.0, Partial:   833.57, Net: rf._02814_, Pin: rf._08535_/A, Layer: met1
Partial/Required:  2.08, Required:    400.0, Partial:   830.89, Net: rf._04578_, Pin: rf._09734_/A1, Layer: met1
Partial/Required:  2.03, Required:    400.0, Partial:   813.33, Net: rf._04939_, Pin: rf._10786_/A1, Layer: met1
Partial/Required:  1.94, Required:    400.0, Partial:   776.11, Net: rf._05427_, Pin: rf._11185_/A1, Layer: met1
Partial/Required:  1.93, Required:    400.0, Partial:   773.11, Net: rf._02894_, Pin: rf._07710_/B, Layer: met1
Partial/Required:  1.89, Required:    400.0, Partial:    756.0, Net: rf._05412_, Pin: rf._11581_/A1, Layer: met1
Partial/Required:  1.71, Required:    400.0, Partial:   682.78, Net: rf._04951_, Pin: rf._10251_/A1, Layer: met1
Partial/Required:  1.63, Required:    400.0, Partial:   652.22, Net: rf._04572_, Pin: rf._09728_/A1, Layer: met1
Partial/Required:  1.63, Required:    400.0, Partial:   651.22, Net: rf._04580_, Pin: rf._09736_/A1, Layer: met1
Partial/Required:  1.60, Required:    400.0, Partial:   641.89, Net: rf._04958_, Pin: rf._10873_/A1, Layer: met1
Partial/Required:  1.59, Required:    400.0, Partial:   636.67, Net: rf._04935_, Pin: rf._10850_/A1, Layer: met1
Partial/Required:  1.58, Required:    400.0, Partial:   631.56, Net: rf._01103_, Pin: rf._07494_/B1_N, Layer: met1
Partial/Required:  1.57, Required:    400.0, Partial:   628.67, Net: rf._04962_, Pin: rf._10877_/A1, Layer: met1
Partial/Required:  1.54, Required:    400.0, Partial:   616.22, Net: rf._01103_, Pin: rf._07544_/B1_N, Layer: met1
Partial/Required:  1.53, Required:    400.0, Partial:    611.6, Net: net10, Pin: output10/A, Layer: met1
Partial/Required:  1.51, Required:    400.0, Partial:   603.44, Net: alu_inst.y\[19\], Pin: rf._10952_/A, Layer: met1
Partial/Required:  1.49, Required:    400.0, Partial:   595.78, Net: rf._01083_, Pin: rf._06015_/B, Layer: met1
Partial/Required:  1.48, Required:    400.0, Partial:   592.22, Net: rf._04599_, Pin: rf._09962_/A1, Layer: met1
Partial/Required:  1.46, Required:    400.0, Partial:   583.56, Net: rf._04570_, Pin: rf._09726_/A1, Layer: met1
Partial/Required:  1.44, Required:    400.0, Partial:   574.71, Net: rf._01105_, Pin: rf._07013_/A, Layer: met2
Partial/Required:  1.42, Required:    400.0, Partial:   569.89, Net: rf._04601_, Pin: rf._09757_/A1, Layer: met1
Partial/Required:  1.41, Required:    400.0, Partial:   565.67, Net: rf._04914_, Pin: rf._10213_/A1, Layer: met1
Partial/Required:  1.38, Required:    400.0, Partial:   551.59, Net: alu_inst.y\[16\], Pin: _144_/A, Layer: met1
Partial/Required:  1.32, Required:    400.0, Partial:   529.85, Net: alu_inst.y\[12\], Pin: rf._09429_/A, Layer: met1
Partial/Required:  1.32, Required:    400.0, Partial:   527.98, Net: rf._01146_, Pin: rf._07485_/A1, Layer: met1
Partial/Required:  1.30, Required:    400.0, Partial:   521.11, Net: rf._04593_, Pin: rf._09956_/A1, Layer: met1
Partial/Required:  1.28, Required:    400.0, Partial:   512.69, Net: rf._01035_, Pin: rf._07022_/A, Layer: met1
Partial/Required:  1.27, Required:    400.0, Partial:   508.89, Net: rf._04924_, Pin: rf._10839_/A1, Layer: met1
Partial/Required:  1.27, Required:    400.0, Partial:   508.89, Net: rf._04924_, Pin: rf._10771_/A1, Layer: met1
Partial/Required:  1.27, Required:    400.0, Partial:   506.42, Net: alu_inst.y\[25\], Pin: _153_/A, Layer: met1
Partial/Required:  1.25, Required:    400.0, Partial:    502.0, Net: rf._04603_, Pin: rf._09828_/A1, Layer: met1
Partial/Required:  1.25, Required:    400.0, Partial:   501.11, Net: rf._04561_, Pin: rf._09510_/A0, Layer: met1
Partial/Required:  1.22, Required:    400.0, Partial:    486.0, Net: rf._04599_, Pin: rf._09755_/A1, Layer: met1
Partial/Required:  1.16, Required:    400.0, Partial:   463.11, Net: rf._04939_, Pin: rf._10238_/A1, Layer: met1
Partial/Required:  1.15, Required:    400.0, Partial:   461.52, Net: rf._01105_, Pin: rf._05889_/A, Layer: met1
Partial/Required:  1.15, Required:    400.0, Partial:   459.89, Net: rf._02854_, Pin: rf._09208_/B_N, Layer: met2
Partial/Required:  1.13, Required:    400.0, Partial:   450.04, Net: rf._02815_, Pin: rf._08464_/A, Layer: met1
Partial/Required:  1.13, Required:    400.0, Partial:   450.04, Net: rf._02815_, Pin: rf._07631_/A, Layer: met1
Partial/Required:  1.09, Required:    400.0, Partial:   437.56, Net: rf._04609_, Pin: rf._10040_/A1, Layer: met1
Partial/Required:  1.09, Required:    400.0, Partial:   437.11, Net: rf.regs\[30\]\[9\], Pin: rf._11630_/A0, Layer: met1
Partial/Required:  1.08, Required:    400.0, Partial:   433.36, Net: alu_inst.y\[18\], Pin: rf._11649_/A1, Layer: met1
Partial/Required:  1.08, Required:    400.0, Partial:   433.36, Net: alu_inst.y\[18\], Pin: _146_/A, Layer: met1
Partial/Required:  1.08, Required:    400.0, Partial:   431.56, Net: rf._04937_, Pin: rf._10852_/A1, Layer: met1
Partial/Required:  1.03, Required:    400.0, Partial:   412.89, Net: rf._04945_, Pin: rf._10098_/A1, Layer: met1
Partial/Required:  1.03, Required:    400.0, Partial:    412.8, Net: rf._02897_, Pin: rf._07953_/A, Layer: met1
