
===========================================================================
 report_power
============================================================================
======================= Fastest Corner ===================================

Group                  Internal  Switching    Leakage      Total
                          Power      Power      Power      Power (Watts)
----------------------------------------------------------------
Sequential             5.07e-03   2.49e-04   2.49e-08   5.31e-03  34.3%
Combinational          5.47e-03   4.71e-03   1.05e-07   1.02e-02  65.7%
Macro                  0.00e+00   0.00e+00   0.00e+00   0.00e+00   0.0%
Pad                    0.00e+00   0.00e+00   0.00e+00   0.00e+00   0.0%
----------------------------------------------------------------
Total                  1.05e-02   4.96e-03   1.30e-07   1.55e-02 100.0%
                          68.0%      32.0%       0.0%

======================= Slowest Corner ===================================

Group                  Internal  Switching    Leakage      Total
                          Power      Power      Power      Power (Watts)
----------------------------------------------------------------
Sequential             3.41e-03   1.63e-04   1.50e-05   3.59e-03  33.8%
Combinational          3.89e-03   3.09e-03   3.67e-05   7.02e-03  66.2%
Macro                  0.00e+00   0.00e+00   0.00e+00   0.00e+00   0.0%
Pad                    0.00e+00   0.00e+00   0.00e+00   0.00e+00   0.0%
----------------------------------------------------------------
Total                  7.30e-03   3.25e-03   5.18e-05   1.06e-02 100.0%
                          68.8%      30.7%       0.5%

======================= Typical Corner ===================================

Group                  Internal  Switching    Leakage      Total
                          Power      Power      Power      Power (Watts)
----------------------------------------------------------------
Sequential             4.36e-03   2.09e-04   1.86e-08   4.57e-03  34.3%
Combinational          4.80e-03   3.98e-03   6.38e-08   8.78e-03  65.7%
Macro                  0.00e+00   0.00e+00   0.00e+00   0.00e+00   0.0%
Pad                    0.00e+00   0.00e+00   0.00e+00   0.00e+00   0.0%
----------------------------------------------------------------
Total                  9.16e-03   4.19e-03   8.24e-08   1.33e-02 100.0%
                          68.6%      31.4%       0.0%

