
===========================================================================
 report_power
============================================================================
======================= Fastest Corner ===================================

Group                  Internal  Switching    Leakage      Total
                          Power      Power      Power      Power (Watts)
----------------------------------------------------------------
Sequential             5.06e-03   2.69e-04   2.49e-08   5.33e-03  33.2%
Combinational          5.48e-03   5.25e-03   1.05e-07   1.07e-02  66.8%
Macro                  0.00e+00   0.00e+00   0.00e+00   0.00e+00   0.0%
Pad                    0.00e+00   0.00e+00   0.00e+00   0.00e+00   0.0%
----------------------------------------------------------------
Total                  1.05e-02   5.52e-03   1.30e-07   1.61e-02 100.0%
                          65.6%      34.4%       0.0%

======================= Slowest Corner ===================================

Group                  Internal  Switching    Leakage      Total
                          Power      Power      Power      Power (Watts)
----------------------------------------------------------------
Sequential             3.40e-03   1.76e-04   1.50e-05   3.59e-03  32.7%
Combinational          3.90e-03   3.45e-03   3.67e-05   7.39e-03  67.3%
Macro                  0.00e+00   0.00e+00   0.00e+00   0.00e+00   0.0%
Pad                    0.00e+00   0.00e+00   0.00e+00   0.00e+00   0.0%
----------------------------------------------------------------
Total                  7.30e-03   3.63e-03   5.18e-05   1.10e-02 100.0%
                          66.5%      33.0%       0.5%

======================= Typical Corner ===================================

Group                  Internal  Switching    Leakage      Total
                          Power      Power      Power      Power (Watts)
----------------------------------------------------------------
Sequential             4.36e-03   2.26e-04   1.86e-08   4.59e-03  33.2%
Combinational          4.80e-03   4.43e-03   6.38e-08   9.24e-03  66.8%
Macro                  0.00e+00   0.00e+00   0.00e+00   0.00e+00   0.0%
Pad                    0.00e+00   0.00e+00   0.00e+00   0.00e+00   0.0%
----------------------------------------------------------------
Total                  9.16e-03   4.66e-03   8.24e-08   1.38e-02 100.0%
                          66.3%      33.7%       0.0%

